// Jest Snapshot v1, https://goo.gl/fbAQLP

exports[`renders correctly 1`] = `
<header>
  <nav
    className="container d-flex-space-be"
  >
    <div
      className="logo"
    >
      <a
        aria-current="page"
        className="about active"
        href="/"
        onClick={[Function]}
      >
         Sharecoin 
      </a>
    </div>
    <ul>
      <li>
        <a
          className="about"
          href="/about"
          onClick={[Function]}
        >
           About 
        </a>
      </li>
    </ul>
  </nav>
</header>
`;
